[2026-07-30T22:37:00+05:30] Fixed mfe-auth 500 (broken @shared imports) + startup race condition causing ECONNRESET
└── File: packages/node/procureiq-nextjs/mfe-auth/features/auth/ + scripts/run-dev.sh
    ├── Choice: Use @shared webpack alias (centralized, per policy rule) over relative paths; start MFEs before host
    └── Changes:
        ├── mfe-auth/features/auth/services/tracing-service.ts -> ../../../shared/src/lib/tracing -> @shared/lib/tracing
        ├── mfe-auth/features/auth/components/api-key-card.tsx -> ../../../shared/src -> @shared/index
        ├── mfe-auth/features/auth/components/user-account-list.tsx -> @shared/index
        ├── mfe-auth/features/auth/components/security-notice.tsx -> @shared/index
        ├── mfe-auth/features/auth/components/shared/auth-form-wrapper.tsx -> @shared/index
        ├── scripts/run-dev.sh -> added wait_for_port(); host starts AFTER all 8 MFEs are ready
        └── affected: mfe-auth page (was 500), all MFEs (no more ECONNRESET on first load)

[2026-07-30T22:12:00+05:30] Fixed MFE proxy ECONNRESET — all rewrite destinations pointed to wrong paths
└── File: packages/node/procureiq-nextjs/next.config.js
    ├── Choice: Multi-zone Next.js rewrites must proxy to MFE root '/', not '/mfe-name'
    └── Changes:
        ├── next.config.js -> fixed 8 MFE rewrite destinations (crypto/auth/notifications/email/campaigns/fieldservice/github/jobs)
        └── affected: host app (port 8990) proxy to all MFEs (ports 8991-8998)

[2026-07-30T16:51:00+05:30] Added OpenTelemetry Distributed Tracing to Navigation
└── File: packages/node/procureiq-nextjs/shared/src/lib/tracing.ts
    ├── Choice: Hexagonal/Adapter Pattern for centralized trace logging
    └── Changes:
        ├── shared/src/lib/tracing.ts -> added traceNavigation and generateTraceId with OpenTelemetry event attributes
        ├── shared/src/components/ui/header.tsx -> attached traceNavigation to all navigation clicks
        ├── shared/src/lib/tracing.test.ts -> unit tests for tracing function
        ├── tla/NavigationTracing.tla -> TLA+ formal specification
        └── flow/navigation_flow.yml -> OpenTelemetry navigation flow specification

[2026-08-07T14:11:00+05:30] Refactored procureiq-nextjs to Next.js Extreme-Scale Architecture
└── File: packages/node/procureiq-nextjs/
    ├── Choice: Dynamic modular self-registering feature slices/sagas over static manual configurations
    └── Changes:
        ├── tsconfig.json & vitest.config.ts -> added @core alias mapping
        ├── src/core/ -> created core engine sub-packages (event-bus, rules-engine, workflow-engine, state-machines, feature-flags, store registry, data-driven entity adapters/sagas/decorators/transformers)
        ├── src/shared/ui/ -> created generic DataForm and DataTable visitor-registry components
        ├── src/core/governance/ -> created rules-based RBAC permissions check and audit logs publisher
        ├── src/lib/http-client.ts -> extended HttpClient with PATCH and DELETE methods
        ├── src/shared/store/ -> refactored root config to dynamically register features
        └── src/features/auth/ -> refactored auth module sagas and entrypoint index to self-register
